TAP version 14
# test plan: All sandbox tests running clientA against faulty server2
# started: 2024-05-23 03:33:24.375075+00:00
# ended: 2024-05-23 03:33:24.377514+00:00
# platform: macOS-14.5-arm64-arm-64bit
# username: jernst
# hostname: blocketh.aviatis.com
# session: Unnamed
# constellation: clientA vs server2faulty
#   roles:
#     - name: client
#       driver: sandbox.SandboxMultClientDriver_ImplementationA
#       app: SandboxMultClient_ImplementationA
#       app_version: 0.0.2
#     - name: server
#       driver: sandbox.SandboxMultServerDriver_Implementation2Faulty
#       app: SandboxMultServer_Implementation2Faulty
#       app_version: 0.0.2
not ok 1 - sandbox.example_test_with_classes::ExampleTest1
  ---
  problem: TypeError
  message:
    Failed
  where:
    /Users/jernst/git/github.com/jernst/feditest/venv.darwin/lib/python3.12/site-packages/feditest/testrun.py 222
  ...
ok 2 - sandbox.example_test_with_functions::example_test1
not ok 3 - sandbox.example_test_with_functions::example_test2
  ---
  problem: AttributeError
  message:
    Failed
  where:
    /Users/jernst/git/github.com/jernst/feditest/venv.darwin/lib/python3.12/site-packages/feditest/testrun.py 158
    /Users/jernst/git/github.com/jernst/feditest-tests-sandbox/tests/sandbox/example_test_with_functions.py 55
  ...
not ok 4 - sandbox.example_test_with_functions::example_test3
  ---
  problem: HardAssertionFailure
  message:
    Failed
  where:
    /Users/jernst/git/github.com/jernst/feditest/venv.darwin/lib/python3.12/site-packages/feditest/testrun.py 158
    /Users/jernst/git/github.com/jernst/feditest-tests-sandbox/tests/sandbox/example_test_with_functions.py 73
    /Users/jernst/git/github.com/jernst/feditest/venv.darwin/lib/python3.12/site-packages/feditest/__init__.py 245
    /Users/jernst/git/github.com/jernst/feditest/venv.darwin/lib/python3.12/site-packages/feditest/__init__.py 188
    /Users/jernst/git/github.com/jernst/feditest/venv.darwin/lib/python3.12/site-packages/feditest/__init__.py 203
  ...
1..4
# test run summary:
#   total: 4
#   passed: 1
#   failed: 1
#   skipped: 0
#   errors: 2
